in_source: |
  section .data:
   count: 1
   length: 0
  section .text:
     in 0
     lit length
     pop

     loop:
          in 0
          out 1
          lit count
          push
          lit length
          push
          cmp
          drop
          drop
          jz stop

          lit count
          push
          inc
          lit count
          pop
          jmp loop
     stop:
       halt
in_stdin: |-
  360 by charli xcx
out_code: |-
  [
   {
    "addr": 0,
    "value": 3
   },
   {
    "addr": 1,
    "value": 1
   },
   {
    "addr": 2,
    "value": 0
   },
   {
    "opcode": "in",
    "addr": 3,
    "arg": 0
   },
   {
    "opcode": "lit",
    "addr": 4,
    "arg": 2
   },
   {
    "opcode": "pop",
    "addr": 5
   },
   {
    "opcode": "in",
    "addr": 6,
    "arg": 0
   },
   {
    "opcode": "out",
    "addr": 7,
    "arg": 1
   },
   {
    "opcode": "lit",
    "addr": 8,
    "arg": 1
   },
   {
    "opcode": "push",
    "addr": 9
   },
   {
    "opcode": "lit",
    "addr": 10,
    "arg": 2
   },
   {
    "opcode": "push",
    "addr": 11
   },
   {
    "opcode": "cmp",
    "addr": 12
   },
   {
    "opcode": "drop",
    "addr": 13
   },
   {
    "opcode": "drop",
    "addr": 14
   },
   {
    "opcode": "jz",
    "addr": 15,
    "arg": 22
   },
   {
    "opcode": "lit",
    "addr": 16,
    "arg": 1
   },
   {
    "opcode": "push",
    "addr": 17
   },
   {
    "opcode": "inc",
    "addr": 18
   },
   {
    "opcode": "lit",
    "addr": 19,
    "arg": 1
   },
   {
    "opcode": "pop",
    "addr": 20
   },
   {
    "opcode": "jmp",
    "addr": 21,
    "arg": 6
   },
   {
    "opcode": "halt",
    "addr": 22
   }
  ]
out_stdout: |-
  source LoC: 28 code instr: 20
  ============================================================
  360 by charli xcx
  instruction_count: 270, ticks: 1046
out_log: |-
  DEBUG: read:IN: 17

  DEBUG: execute_lit: TICK: 9   PC 5   TODS1 2   TODS2 0   TOAS 0   Z_FLAG 0   lit 2
         DATA_STACK [17, 2]
         ADDRESS_STACK [] 

  DEBUG: execute_pop: TICK: 15  PC 6   TODS1 2   TODS2 17  TOAS 5   Z_FLAG 0   pop
         DATA_STACK []
         ADDRESS_STACK [] 

  DEBUG: read:IN: 51 - 3

  DEBUG: write: OUT: 3 << 51 - 3

  DEBUG: execute_lit: TICK: 26  PC 9   TODS1 1   TODS2 51  TOAS 5   Z_FLAG 0   lit 1
         DATA_STACK [1]
         ADDRESS_STACK [] 

  DEBUG: execute_push: TICK: 32  PC 10  TODS1 1   TODS2 51  TOAS 9   Z_FLAG 0   push
         DATA_STACK [1]
         ADDRESS_STACK [] 

  DEBUG: execute_lit: TICK: 35  PC 11  TODS1 2   TODS2 51  TOAS 9   Z_FLAG 0   lit 2
         DATA_STACK [1, 2]
         ADDRESS_STACK [] 

  DEBUG: execute_push: TICK: 41  PC 12  TODS1 17  TODS2 51  TOAS 11  Z_FLAG 0   push
         DATA_STACK [1, 17]
         ADDRESS_STACK [] 

  DEBUG: execute_cmp: TICK: 46  PC 13  TODS1 17  TODS2 1   TOAS 11  Z_FLAG 1   cmp
         DATA_STACK [1, 17]
         ADDRESS_STACK [] 

  DEBUG: execute_drop: TICK: 48  PC 14  TODS1 17  TODS2 1   TOAS 11  Z_FLAG 1   drop
         DATA_STACK [1]
         ADDRESS_STACK [] 

  DEBUG: execute_drop: TICK: 50  PC 15  TODS1 1   TODS2 1   TOAS 11  Z_FLAG 1   drop
         DATA_STACK []
         ADDRESS_STACK [] 

  DEBUG: execute_jz: TICK: 52  PC 16  TODS1 1   TODS2 1   TOAS 11  Z_FLAG 1   jz 22
         DATA_STACK []
         ADDRESS_STACK [] 

  DEBUG: execute_lit: TICK: 55  PC 17  TODS1 1   TODS2 1   TOAS 11  Z_FLAG 1   lit 1
         DATA_STACK [1]
         ADDRESS_STACK [] 

  DEBUG: execute_push: TICK: 61  PC 18  TODS1 1   TODS2 1   TOAS 17  Z_FLAG 1   push
         DATA_STACK [1]
         ADDRESS_STACK [] 

  DEBUG: execute_unary_alu_operation: TICK: 65  PC 19  TODS1 2   TODS2 1   TOAS 17  Z_FLAG 1   inc
         DATA_STACK [2]
         ADDRESS_STACK [] 

  DEBUG: execute_lit: TICK: 68  PC 20  TODS1 1   TODS2 1   TOAS 17  Z_FLAG 1   lit 1
         DATA_STACK [2, 1]
         ADDRESS_STACK [] 

  DEBUG: execute_pop: TICK: 74  PC 21  TODS1 1   TODS2 2   TOAS 20  Z_FLAG 1   pop
         DATA_STACK []
         ADDRESS_STACK [] 

  DEBUG: execute_jmp: TICK: 77  PC 6   TODS1 6   TODS2 2   TOAS 20  Z_FLAG 1   jmp 6
         DATA_STACK []
         ADDRESS_STACK [] 

  DEBUG: read:IN: 54 - 6

  DEBUG: write: OUT: 36 << 54 - 6

  DEBUG: execute_lit: TICK: 88  PC 9   TODS1 1   TODS2 54  TOAS 20  Z_FLAG 1   lit 1
         DATA_STACK [1]
         ADDRESS_STACK [] 

  DEBUG: execute_push: TICK: 94  PC 10  TODS1 2   TODS2 54  TOAS 9   Z_FLAG 1   push
         DATA_STACK [2]
         ADDRESS_STACK [] 

  DEBUG: execute_lit: TICK: 97  PC 11  TODS1 2   TODS2 54  TOAS 9   Z_FLAG 1   lit 2
         DATA_STACK [2, 2]
         ADDRESS_STACK [] 

  DEBUG: execute_push: TICK: 103 PC 12  TODS1 17  TODS2 54  TOAS 11  Z_FLAG 1   push
         DATA_STACK [2, 17]
         ADDRESS_STACK [] 

  DEBUG: execute_cmp: TICK: 108 PC 13  TODS1 17  TODS2 2   TOAS 11  Z_FLAG 1   cmp
         DATA_STACK [2, 17]
         ADDRESS_STACK [] 

  DEBUG: execute_drop: TICK: 110 PC 14  TODS1 17  TODS2 2   TOAS 11  Z_FLAG 1   drop
         DATA_STACK [2]
         ADDRESS_STACK [] 

  DEBUG: execute_drop: TICK: 112 PC 15  TODS1 2   TODS2 2   TOAS 11  Z_FLAG 1   drop
         DATA_STACK []
         ADDRESS_STACK [] 

  DEBUG: execute_jz: TICK: 114 PC 16  TODS1 2   TODS2 2   TOAS 11  Z_FLAG 1   jz 22
         DATA_STACK []
         ADDRESS_STACK [] 

  DEBUG: execute_lit: TICK: 117 PC 17  TODS1 1   TODS2 2   TOAS 11  Z_FLAG 1   lit 1
         DATA_STACK [1]
         ADDRESS_STACK [] 

  DEBUG: execute_push: TICK: 123 PC 18  TODS1 2   TODS2 2   TOAS 17  Z_FLAG 1   push
         DATA_STACK [2]
         ADDRESS_STACK [] 

  DEBUG: execute_unary_alu_operation: TICK: 127 PC 19  TODS1 3   TODS2 2   TOAS 17  Z_FLAG 1   inc
         DATA_STACK [3]
         ADDRESS_STACK [] 

  DEBUG: execute_lit: TICK: 130 PC 20  TODS1 1   TODS2 2   TOAS 17  Z_FLAG 1   lit 1
         DATA_STACK [3, 1]
         ADDRESS_STACK [] 

  DEBUG: execute_pop: TICK: 136 PC 21  TODS1 1   TODS2 3   TOAS 20  Z_FLAG 1   pop
         DATA_STACK []
         ADDRESS_STACK [] 

  DEBUG: execute_jmp: TICK: 139 PC 6   TODS1 6   TODS2 3   TOAS 20  Z_FLAG 1   jmp 6
         DATA_STACK []
         ADDRESS_STACK [] 

  DEBUG: read:IN: 48 - 0

  DEBUG: write: OUT: 360 << 48 - 0

  DEBUG: execute_lit: TICK: 150 PC 9   TODS1 1   TODS2 48  TOAS 20  Z_FLAG 1   lit 1
         DATA_STACK [1]
         ADDRESS_STACK [] 

  DEBUG: execute_push: TICK: 156 PC 10  TODS1 3   TODS2 48  TOAS 9   Z_FLAG 1   push
         DATA_STACK [3]
         ADDRESS_STACK [] 

  DEBUG: execute_lit: TICK: 159 PC 11  TODS1 2   TODS2 48  TOAS 9   Z_FLAG 1   lit 2
         DATA_STACK [3, 2]
         ADDRESS_STACK [] 

  DEBUG: execute_push: TICK: 165 PC 12  TODS1 17  TODS2 48  TOAS 11  Z_FLAG 1   push
         DATA_STACK [3, 17]
         ADDRESS_STACK [] 

  DEBUG: execute_cmp: TICK: 170 PC 13  TODS1 17  TODS2 3   TOAS 11  Z_FLAG 1   cmp
         DATA_STACK [3, 17]
         ADDRESS_STACK [] 

  DEBUG: execute_drop: TICK: 172 PC 14  TODS1 17  TODS2 3   TOAS 11  Z_FLAG 1   drop
         DATA_STACK [3]
         ADDRESS_STACK [] 

  DEBUG: execute_drop: TICK: 174 PC 15  TODS1 3   TODS2 3   TOAS 11  Z_FLAG 1   drop
         DATA_STACK []
         ADDRESS_STACK [] 

  DEBUG: execute_jz: TICK: 176 PC 16  TODS1 3   TODS2 3   TOAS 11  Z_FLAG 1   jz 22
         DATA_STACK []
         ADDRESS_STACK [] 

  DEBUG: execute_lit: TICK: 179 PC 17  TODS1 1   TODS2 3   TOAS 11  Z_FLAG 1   lit 1
         DATA_STACK [1]
         ADDRESS_STACK [] 

  DEBUG: execute_push: TICK: 185 PC 18  TODS1 3   TODS2 3   TOAS 17  Z_FLAG 1   push
         DATA_STACK [3]
         ADDRESS_STACK [] 

  DEBUG: execute_unary_alu_operation: TICK: 189 PC 19  TODS1 4   TODS2 3   TOAS 17  Z_FLAG 1   inc
         DATA_STACK [4]
         ADDRESS_STACK [] 

  DEBUG: execute_lit: TICK: 192 PC 20  TODS1 1   TODS2 3   TOAS 17  Z_FLAG 1   lit 1
         DATA_STACK [4, 1]
         ADDRESS_STACK [] 

  DEBUG: execute_pop: TICK: 198 PC 21  TODS1 1   TODS2 4   TOAS 20  Z_FLAG 1   pop
         DATA_STACK []
         ADDRESS_STACK [] 

  DEBUG: execute_jmp: TICK: 201 PC 6   TODS1 6   TODS2 4   TOAS 20  Z_FLAG 1   jmp 6
         DATA_STACK []
         ADDRESS_STACK [] 

  DEBUG: read:IN: 32 -  

  DEBUG: write: OUT: 360  << 32 -  

  DEBUG: execute_lit: TICK: 212 PC 9   TODS1 1   TODS2 32  TOAS 20  Z_FLAG 1   lit 1
         DATA_STACK [1]
         ADDRESS_STACK [] 

  DEBUG: execute_push: TICK: 218 PC 10  TODS1 4   TODS2 32  TOAS 9   Z_FLAG 1   push
         DATA_STACK [4]
         ADDRESS_STACK [] 

  DEBUG: execute_lit: TICK: 221 PC 11  TODS1 2   TODS2 32  TOAS 9   Z_FLAG 1   lit 2
         DATA_STACK [4, 2]
         ADDRESS_STACK [] 

  DEBUG: execute_push: TICK: 227 PC 12  TODS1 17  TODS2 32  TOAS 11  Z_FLAG 1   push
         DATA_STACK [4, 17]
         ADDRESS_STACK [] 

  DEBUG: execute_cmp: TICK: 232 PC 13  TODS1 17  TODS2 4   TOAS 11  Z_FLAG 1   cmp
         DATA_STACK [4, 17]
         ADDRESS_STACK [] 

  DEBUG: execute_drop: TICK: 234 PC 14  TODS1 17  TODS2 4   TOAS 11  Z_FLAG 1   drop
         DATA_STACK [4]
         ADDRESS_STACK [] 

  DEBUG: execute_drop: TICK: 236 PC 15  TODS1 4   TODS2 4   TOAS 11  Z_FLAG 1   drop
         DATA_STACK []
         ADDRESS_STACK [] 

  DEBUG: execute_jz: TICK: 238 PC 16  TODS1 4   TODS2 4   TOAS 11  Z_FLAG 1   jz 22
         DATA_STACK []
         ADDRESS_STACK [] 

  DEBUG: execute_lit: TICK: 241 PC 17  TODS1 1   TODS2 4   TOAS 11  Z_FLAG 1   lit 1
         DATA_STACK [1]
         ADDRESS_STACK [] 

  DEBUG: execute_push: TICK: 247 PC 18  TODS1 4   TODS2 4   TOAS 17  Z_FLAG 1   push
         DATA_STACK [4]
         ADDRESS_STACK [] 

  DEBUG: execute_unary_alu_operation: TICK: 251 PC 19  TODS1 5   TODS2 4   TOAS 17  Z_FLAG 1   inc
         DATA_STACK [5]
         ADDRESS_STACK [] 

  DEBUG: execute_lit: TICK: 254 PC 20  TODS1 1   TODS2 4   TOAS 17  Z_FLAG 1   lit 1
         DATA_STACK [5, 1]
         ADDRESS_STACK [] 

  DEBUG: execute_pop: TICK: 260 PC 21  TODS1 1   TODS2 5   TOAS 20  Z_FLAG 1   pop
         DATA_STACK []
         ADDRESS_STACK [] 

  DEBUG: execute_jmp: TICK: 263 PC 6   TODS1 6   TODS2 5   TOAS 20  Z_FLAG 1   jmp 6
         DATA_STACK []
         ADDRESS_STACK [] 

  DEBUG: read:IN: 98 - b

  DEBUG: write: OUT: 360 b << 98 - b

  DEBUG: execute_lit: TICK: 274 PC 9   TODS1 1   TODS2 98  TOAS 20  Z_FLAG 1   lit 1
         DATA_STACK [1]
         ADDRESS_STACK [] 

  DEBUG: execute_push: TICK: 280 PC 10  TODS1 5   TODS2 98  TOAS 9   Z_FLAG 1   push
         DATA_STACK [5]
         ADDRESS_STACK [] 

  DEBUG: execute_lit: TICK: 283 PC 11  TODS1 2   TODS2 98  TOAS 9   Z_FLAG 1   lit 2
         DATA_STACK [5, 2]
         ADDRESS_STACK [] 

  DEBUG: execute_push: TICK: 289 PC 12  TODS1 17  TODS2 98  TOAS 11  Z_FLAG 1   push
         DATA_STACK [5, 17]
         ADDRESS_STACK [] 

  DEBUG: execute_cmp: TICK: 294 PC 13  TODS1 17  TODS2 5   TOAS 11  Z_FLAG 1   cmp
         DATA_STACK [5, 17]
         ADDRESS_STACK [] 

  DEBUG: execute_drop: TICK: 296 PC 14  TODS1 17  TODS2 5   TOAS 11  Z_FLAG 1   drop
         DATA_STACK [5]
         ADDRESS_STACK [] 

  DEBUG: execute_drop: TICK: 298 PC 15  TODS1 5   TODS2 5   TOAS 11  Z_FLAG 1   drop
         DATA_STACK []
         ADDRESS_STACK [] 

  DEBUG: execute_jz: TICK: 300 PC 16  TODS1 5   TODS2 5   TOAS 11  Z_FLAG 1   jz 22
         DATA_STACK []
         ADDRESS_STACK [] 

  DEBUG: execute_lit: TICK: 303 PC 17  TODS1 1   TODS2 5   TOAS 11  Z_FLAG 1   lit 1
         DATA_STACK [1]
         ADDRESS_STACK [] 

  DEBUG: execute_push: TICK: 309 PC 18  TODS1 5   TODS2 5   TOAS 17  Z_FLAG 1   push
         DATA_STACK [5]
         ADDRESS_STACK [] 

  DEBUG: execute_unary_alu_operation: TICK: 313 PC 19  TODS1 6   TODS2 5   TOAS 17  Z_FLAG 1   inc
         DATA_STACK [6]
         ADDRESS_STACK [] 

  DEBUG: execute_lit: TICK: 316 PC 20  TODS1 1   TODS2 5   TOAS 17  Z_FLAG 1   lit 1
         DATA_STACK [6, 1]
         ADDRESS_STACK [] 

  DEBUG: execute_pop: TICK: 322 PC 21  TODS1 1   TODS2 6   TOAS 20  Z_FLAG 1   pop
         DATA_STACK []
         ADDRESS_STACK [] 

  DEBUG: execute_jmp: TICK: 325 PC 6   TODS1 6   TODS2 6   TOAS 20  Z_FLAG 1   jmp 6
         DATA_STACK []
         ADDRESS_STACK [] 

  DEBUG: read:IN: 121 - y

  DEBUG: write: OUT: 360 by << 121 - y

  DEBUG: execute_lit: TICK: 336 PC 9   TODS1 1   TODS2 121 TOAS 20  Z_FLAG 1   lit 1
         DATA_STACK [1]
         ADDRESS_STACK [] 

  DEBUG: execute_push: TICK: 342 PC 10  TODS1 6   TODS2 121 TOAS 9   Z_FLAG 1   push
         DATA_STACK [6]
         ADDRESS_STACK [] 

  DEBUG: execute_lit: TICK: 345 PC 11  TODS1 2   TODS2 121 TOAS 9   Z_FLAG 1   lit 2
         DATA_STACK [6, 2]
         ADDRESS_STACK [] 

  DEBUG: execute_push: TICK: 351 PC 12  TODS1 17  TODS2 121 TOAS 11  Z_FLAG 1   push
         DATA_STACK [6, 17]
         ADDRESS_STACK [] 

  DEBUG: execute_cmp: TICK: 356 PC 13  TODS1 17  TODS2 6   TOAS 11  Z_FLAG 1   cmp
         DATA_STACK [6, 17]
         ADDRESS_STACK [] 

  DEBUG: execute_drop: TICK: 358 PC 14  TODS1 17  TODS2 6   TOAS 11  Z_FLAG 1   drop
         DATA_STACK [6]
         ADDRESS_STACK [] 

  DEBUG: execute_drop: TICK: 360 PC 15  TODS1 6   TODS2 6   TOAS 11  Z_FLAG 1   drop
         DATA_STACK []
         ADDRESS_STACK [] 

  DEBUG: execute_jz: TICK: 362 PC 16  TODS1 6   TODS2 6   TOAS 11  Z_FLAG 1   jz 22
         DATA_STACK []
         ADDRESS_STACK [] 

  DEBUG: execute_lit: TICK: 365 PC 17  TODS1 1   TODS2 6   TOAS 11  Z_FLAG 1   lit 1
         DATA_STACK [1]
         ADDRESS_STACK [] 

  DEBUG: execute_push: TICK: 371 PC 18  TODS1 6   TODS2 6   TOAS 17  Z_FLAG 1   push
         DATA_STACK [6]
         ADDRESS_STACK [] 

  DEBUG: execute_unary_alu_operation: TICK: 375 PC 19  TODS1 7   TODS2 6   TOAS 17  Z_FLAG 1   inc
         DATA_STACK [7]
         ADDRESS_STACK [] 

  DEBUG: execute_lit: TICK: 378 PC 20  TODS1 1   TODS2 6   TOAS 17  Z_FLAG 1   lit 1
         DATA_STACK [7, 1]
         ADDRESS_STACK [] 

  DEBUG: execute_pop: TICK: 384 PC 21  TODS1 1   TODS2 7   TOAS 20  Z_FLAG 1   pop
         DATA_STACK []
         ADDRESS_STACK [] 

  DEBUG: execute_jmp: TICK: 387 PC 6   TODS1 6   TODS2 7   TOAS 20  Z_FLAG 1   jmp 6
         DATA_STACK []
         ADDRESS_STACK [] 

  DEBUG: read:IN: 32 -  

  DEBUG: write: OUT: 360 by  << 32 -  

  DEBUG: execute_lit: TICK: 398 PC 9   TODS1 1   TODS2 32  TOAS 20  Z_FLAG 1   lit 1
         DATA_STACK [1]
         ADDRESS_STACK [] 

  DEBUG: execute_push: TICK: 404 PC 10  TODS1 7   TODS2 32  TOAS 9   Z_FLAG 1   push
         DATA_STACK [7]
         ADDRESS_STACK [] 

  DEBUG: execute_lit: TICK: 407 PC 11  TODS1 2   TODS2 32  TOAS 9   Z_FLAG 1   lit 2
         DATA_STACK [7, 2]
         ADDRESS_STACK [] 

  DEBUG: execute_push: TICK: 413 PC 12  TODS1 17  TODS2 32  TOAS 11  Z_FLAG 1   push
         DATA_STACK [7, 17]
         ADDRESS_STACK [] 

  DEBUG: execute_cmp: TICK: 418 PC 13  TODS1 17  TODS2 7   TOAS 11  Z_FLAG 1   cmp
         DATA_STACK [7, 17]
         ADDRESS_STACK [] 

  DEBUG: execute_drop: TICK: 420 PC 14  TODS1 17  TODS2 7   TOAS 11  Z_FLAG 1   drop
         DATA_STACK [7]
         ADDRESS_STACK [] 

  DEBUG: execute_drop: TICK: 422 PC 15  TODS1 7   TODS2 7   TOAS 11  Z_FLAG 1   drop
         DATA_STACK []
         ADDRESS_STACK [] 

  DEBUG: execute_jz: TICK: 424 PC 16  TODS1 7   TODS2 7   TOAS 11  Z_FLAG 1   jz 22
         DATA_STACK []
         ADDRESS_STACK [] 

  DEBUG: execute_lit: TICK: 427 PC 17  TODS1 1   TODS2 7   TOAS 11  Z_FLAG 1   lit 1
         DATA_STACK [1]
         ADDRESS_STACK [] 

  DEBUG: execute_push: TICK: 433 PC 18  TODS1 7   TODS2 7   TOAS 17  Z_FLAG 1   push
         DATA_STACK [7]
         ADDRESS_STACK [] 

  DEBUG: execute_unary_alu_operation: TICK: 437 PC 19  TODS1 8   TODS2 7   TOAS 17  Z_FLAG 1   inc
         DATA_STACK [8]
         ADDRESS_STACK [] 

  DEBUG: execute_lit: TICK: 440 PC 20  TODS1 1   TODS2 7   TOAS 17  Z_FLAG 1   lit 1
         DATA_STACK [8, 1]
         ADDRESS_STACK [] 

  DEBUG: execute_pop: TICK: 446 PC 21  TODS1 1   TODS2 8   TOAS 20  Z_FLAG 1   pop
         DATA_STACK []
         ADDRESS_STACK [] 

  DEBUG: execute_jmp: TICK: 449 PC 6   TODS1 6   TODS2 8   TOAS 20  Z_FLAG 1   jmp 6
         DATA_STACK []
         ADDRESS_STACK [] 

  DEBUG: read:IN: 99 - c

  DEBUG: write: OUT: 360 by c << 99 - c

  DEBUG: execute_lit: TICK: 460 PC 9   TODS1 1   TODS2 99  TOAS 20  Z_FLAG 1   lit 1
         DATA_STACK [1]
         ADDRESS_STACK [] 

  DEBUG: execute_push: TICK: 466 PC 10  TODS1 8   TODS2 99  TOAS 9   Z_FLAG 1   push
         DATA_STACK [8]
         ADDRESS_STACK [] 

  DEBUG: execute_lit: TICK: 469 PC 11  TODS1 2   TODS2 99  TOAS 9   Z_FLAG 1   lit 2
         DATA_STACK [8, 2]
         ADDRESS_STACK [] 

  DEBUG: execute_push: TICK: 475 PC 12  TODS1 17  TODS2 99  TOAS 11  Z_FLAG 1   push
         DATA_STACK [8, 17]
         ADDRESS_STACK [] 

  DEBUG: execute_cmp: TICK: 480 PC 13  TODS1 17  TODS2 8   TOAS 11  Z_FLAG 1   cmp
         DATA_STACK [8, 17]
         ADDRESS_STACK [] 

  DEBUG: execute_drop: TICK: 482 PC 14  TODS1 17  TODS2 8   TOAS 11  Z_FLAG 1   drop
         DATA_STACK [8]
         ADDRESS_STACK [] 

  DEBUG: execute_drop: TICK: 484 PC 15  TODS1 8   TODS2 8   TOAS 11  Z_FLAG 1   drop
         DATA_STACK []
         ADDRESS_STACK [] 

  DEBUG: execute_jz: TICK: 486 PC 16  TODS1 8   TODS2 8   TOAS 11  Z_FLAG 1   jz 22
         DATA_STACK []
         ADDRESS_STACK [] 

  DEBUG: execute_lit: TICK: 489 PC 17  TODS1 1   TODS2 8   TOAS 11  Z_FLAG 1   lit 1
         DATA_STACK [1]
         ADDRESS_STACK [] 

  DEBUG: execute_push: TICK: 495 PC 18  TODS1 8   TODS2 8   TOAS 17  Z_FLAG 1   push
         DATA_STACK [8]
         ADDRESS_STACK [] 

  DEBUG: execute_unary_alu_operation: TICK: 499 PC 19  TODS1 9   TODS2 8   TOAS 17  Z_FLAG 1   inc
         DATA_STACK [9]
         ADDRESS_STACK [] 

  DEBUG: execute_lit: TICK: 502 PC 20  TODS1 1   TODS2 8   TOAS 17  Z_FLAG 1   lit 1
         DATA_STACK [9, 1]
         ADDRESS_STACK [] 

  DEBUG: execute_pop: TICK: 508 PC 21  TODS1 1   TODS2 9   TOAS 20  Z_FLAG 1   pop
         DATA_STACK []
         ADDRESS_STACK [] 

  DEBUG: execute_jmp: TICK: 511 PC 6   TODS1 6   TODS2 9   TOAS 20  Z_FLAG 1   jmp 6
         DATA_STACK []
         ADDRESS_STACK [] 

  DEBUG: read:IN: 104 - h

  DEBUG: write: OUT: 360 by ch << 104 - h

  DEBUG: execute_lit: TICK: 522 PC 9   TODS1 1   TODS2 104 TOAS 20  Z_FLAG 1   lit 1
         DATA_STACK [1]
         ADDRESS_STACK [] 

  DEBUG: execute_push: TICK: 528 PC 10  TODS1 9   TODS2 104 TOAS 9   Z_FLAG 1   push
         DATA_STACK [9]
         ADDRESS_STACK [] 

  DEBUG: execute_lit: TICK: 531 PC 11  TODS1 2   TODS2 104 TOAS 9   Z_FLAG 1   lit 2
         DATA_STACK [9, 2]
         ADDRESS_STACK [] 

  DEBUG: execute_push: TICK: 537 PC 12  TODS1 17  TODS2 104 TOAS 11  Z_FLAG 1   push
         DATA_STACK [9, 17]
         ADDRESS_STACK [] 

  DEBUG: execute_cmp: TICK: 542 PC 13  TODS1 17  TODS2 9   TOAS 11  Z_FLAG 1   cmp
         DATA_STACK [9, 17]
         ADDRESS_STACK [] 

  DEBUG: execute_drop: TICK: 544 PC 14  TODS1 17  TODS2 9   TOAS 11  Z_FLAG 1   drop
         DATA_STACK [9]
         ADDRESS_STACK [] 

  DEBUG: execute_drop: TICK: 546 PC 15  TODS1 9   TODS2 9   TOAS 11  Z_FLAG 1   drop
         DATA_STACK []
         ADDRESS_STACK [] 

  DEBUG: execute_jz: TICK: 548 PC 16  TODS1 9   TODS2 9   TOAS 11  Z_FLAG 1   jz 22
         DATA_STACK []
         ADDRESS_STACK [] 

  DEBUG: execute_lit: TICK: 551 PC 17  TODS1 1   TODS2 9   TOAS 11  Z_FLAG 1   lit 1
         DATA_STACK [1]
         ADDRESS_STACK [] 

  DEBUG: execute_push: TICK: 557 PC 18  TODS1 9   TODS2 9   TOAS 17  Z_FLAG 1   push
         DATA_STACK [9]
         ADDRESS_STACK [] 

  DEBUG: execute_unary_alu_operation: TICK: 561 PC 19  TODS1 10  TODS2 9   TOAS 17  Z_FLAG 1   inc
         DATA_STACK [10]
         ADDRESS_STACK [] 

  DEBUG: execute_lit: TICK: 564 PC 20  TODS1 1   TODS2 9   TOAS 17  Z_FLAG 1   lit 1
         DATA_STACK [10, 1]
         ADDRESS_STACK [] 

  DEBUG: execute_pop: TICK: 570 PC 21  TODS1 1   TODS2 10  TOAS 20  Z_FLAG 1   pop
         DATA_STACK []
         ADDRESS_STACK [] 

  DEBUG: execute_jmp: TICK: 573 PC 6   TODS1 6   TODS2 10  TOAS 20  Z_FLAG 1   jmp 6
         DATA_STACK []
         ADDRESS_STACK [] 

  DEBUG: read:IN: 97 - a

  DEBUG: write: OUT: 360 by cha << 97 - a

  DEBUG: execute_lit: TICK: 584 PC 9   TODS1 1   TODS2 97  TOAS 20  Z_FLAG 1   lit 1
         DATA_STACK [1]
         ADDRESS_STACK [] 

  DEBUG: execute_push: TICK: 590 PC 10  TODS1 10  TODS2 97  TOAS 9   Z_FLAG 1   push
         DATA_STACK [10]
         ADDRESS_STACK [] 

  DEBUG: execute_lit: TICK: 593 PC 11  TODS1 2   TODS2 97  TOAS 9   Z_FLAG 1   lit 2
         DATA_STACK [10, 2]
         ADDRESS_STACK [] 

  DEBUG: execute_push: TICK: 599 PC 12  TODS1 17  TODS2 97  TOAS 11  Z_FLAG 1   push
         DATA_STACK [10, 17]
         ADDRESS_STACK [] 

  DEBUG: execute_cmp: TICK: 604 PC 13  TODS1 17  TODS2 10  TOAS 11  Z_FLAG 1   cmp
         DATA_STACK [10, 17]
         ADDRESS_STACK [] 

  DEBUG: execute_drop: TICK: 606 PC 14  TODS1 17  TODS2 10  TOAS 11  Z_FLAG 1   drop
         DATA_STACK [10]
         ADDRESS_STACK [] 

  DEBUG: execute_drop: TICK: 608 PC 15  TODS1 10  TODS2 10  TOAS 11  Z_FLAG 1   drop
         DATA_STACK []
         ADDRESS_STACK [] 

  DEBUG: execute_jz: TICK: 610 PC 16  TODS1 10  TODS2 10  TOAS 11  Z_FLAG 1   jz 22
         DATA_STACK []
         ADDRESS_STACK [] 

  DEBUG: execute_lit: TICK: 613 PC 17  TODS1 1   TODS2 10  TOAS 11  Z_FLAG 1   lit 1
         DATA_STACK [1]
         ADDRESS_STACK [] 

  DEBUG: execute_push: TICK: 619 PC 18  TODS1 10  TODS2 10  TOAS 17  Z_FLAG 1   push
         DATA_STACK [10]
         ADDRESS_STACK [] 

  DEBUG: execute_unary_alu_operation: TICK: 623 PC 19  TODS1 11  TODS2 10  TOAS 17  Z_FLAG 1   inc
         DATA_STACK [11]
         ADDRESS_STACK [] 

  DEBUG: execute_lit: TICK: 626 PC 20  TODS1 1   TODS2 10  TOAS 17  Z_FLAG 1   lit 1
         DATA_STACK [11, 1]
         ADDRESS_STACK [] 

  DEBUG: execute_pop: TICK: 632 PC 21  TODS1 1   TODS2 11  TOAS 20  Z_FLAG 1   pop
         DATA_STACK []
         ADDRESS_STACK [] 

  DEBUG: execute_jmp: TICK: 635 PC 6   TODS1 6   TODS2 11  TOAS 20  Z_FLAG 1   jmp 6
         DATA_STACK []
         ADDRESS_STACK [] 

  DEBUG: read:IN: 114 - r

  DEBUG: write: OUT: 360 by char << 114 - r

  DEBUG: execute_lit: TICK: 646 PC 9   TODS1 1   TODS2 114 TOAS 20  Z_FLAG 1   lit 1
         DATA_STACK [1]
         ADDRESS_STACK [] 

  DEBUG: execute_push: TICK: 652 PC 10  TODS1 11  TODS2 114 TOAS 9   Z_FLAG 1   push
         DATA_STACK [11]
         ADDRESS_STACK [] 

  DEBUG: execute_lit: TICK: 655 PC 11  TODS1 2   TODS2 114 TOAS 9   Z_FLAG 1   lit 2
         DATA_STACK [11, 2]
         ADDRESS_STACK [] 

  DEBUG: execute_push: TICK: 661 PC 12  TODS1 17  TODS2 114 TOAS 11  Z_FLAG 1   push
         DATA_STACK [11, 17]
         ADDRESS_STACK [] 

  DEBUG: execute_cmp: TICK: 666 PC 13  TODS1 17  TODS2 11  TOAS 11  Z_FLAG 1   cmp
         DATA_STACK [11, 17]
         ADDRESS_STACK [] 

  DEBUG: execute_drop: TICK: 668 PC 14  TODS1 17  TODS2 11  TOAS 11  Z_FLAG 1   drop
         DATA_STACK [11]
         ADDRESS_STACK [] 

  DEBUG: execute_drop: TICK: 670 PC 15  TODS1 11  TODS2 11  TOAS 11  Z_FLAG 1   drop
         DATA_STACK []
         ADDRESS_STACK [] 

  DEBUG: execute_jz: TICK: 672 PC 16  TODS1 11  TODS2 11  TOAS 11  Z_FLAG 1   jz 22
         DATA_STACK []
         ADDRESS_STACK [] 

  DEBUG: execute_lit: TICK: 675 PC 17  TODS1 1   TODS2 11  TOAS 11  Z_FLAG 1   lit 1
         DATA_STACK [1]
         ADDRESS_STACK [] 

  DEBUG: execute_push: TICK: 681 PC 18  TODS1 11  TODS2 11  TOAS 17  Z_FLAG 1   push
         DATA_STACK [11]
         ADDRESS_STACK [] 

  DEBUG: execute_unary_alu_operation: TICK: 685 PC 19  TODS1 12  TODS2 11  TOAS 17  Z_FLAG 1   inc
         DATA_STACK [12]
         ADDRESS_STACK [] 

  DEBUG: execute_lit: TICK: 688 PC 20  TODS1 1   TODS2 11  TOAS 17  Z_FLAG 1   lit 1
         DATA_STACK [12, 1]
         ADDRESS_STACK [] 

  DEBUG: execute_pop: TICK: 694 PC 21  TODS1 1   TODS2 12  TOAS 20  Z_FLAG 1   pop
         DATA_STACK []
         ADDRESS_STACK [] 

  DEBUG: execute_jmp: TICK: 697 PC 6   TODS1 6   TODS2 12  TOAS 20  Z_FLAG 1   jmp 6
         DATA_STACK []
         ADDRESS_STACK [] 

  DEBUG: read:IN: 108 - l

  DEBUG: write: OUT: 360 by charl << 108 - l

  DEBUG: execute_lit: TICK: 708 PC 9   TODS1 1   TODS2 108 TOAS 20  Z_FLAG 1   lit 1
         DATA_STACK [1]
         ADDRESS_STACK [] 

  DEBUG: execute_push: TICK: 714 PC 10  TODS1 12  TODS2 108 TOAS 9   Z_FLAG 1   push
         DATA_STACK [12]
         ADDRESS_STACK [] 

  DEBUG: execute_lit: TICK: 717 PC 11  TODS1 2   TODS2 108 TOAS 9   Z_FLAG 1   lit 2
         DATA_STACK [12, 2]
         ADDRESS_STACK [] 

  DEBUG: execute_push: TICK: 723 PC 12  TODS1 17  TODS2 108 TOAS 11  Z_FLAG 1   push
         DATA_STACK [12, 17]
         ADDRESS_STACK [] 

  DEBUG: execute_cmp: TICK: 728 PC 13  TODS1 17  TODS2 12  TOAS 11  Z_FLAG 1   cmp
         DATA_STACK [12, 17]
         ADDRESS_STACK [] 

  DEBUG: execute_drop: TICK: 730 PC 14  TODS1 17  TODS2 12  TOAS 11  Z_FLAG 1   drop
         DATA_STACK [12]
         ADDRESS_STACK [] 

  DEBUG: execute_drop: TICK: 732 PC 15  TODS1 12  TODS2 12  TOAS 11  Z_FLAG 1   drop
         DATA_STACK []
         ADDRESS_STACK [] 

  DEBUG: execute_jz: TICK: 734 PC 16  TODS1 12  TODS2 12  TOAS 11  Z_FLAG 1   jz 22
         DATA_STACK []
         ADDRESS_STACK [] 

  DEBUG: execute_lit: TICK: 737 PC 17  TODS1 1   TODS2 12  TOAS 11  Z_FLAG 1   lit 1
         DATA_STACK [1]
         ADDRESS_STACK [] 

  DEBUG: execute_push: TICK: 743 PC 18  TODS1 12  TODS2 12  TOAS 17  Z_FLAG 1   push
         DATA_STACK [12]
         ADDRESS_STACK [] 

  DEBUG: execute_unary_alu_operation: TICK: 747 PC 19  TODS1 13  TODS2 12  TOAS 17  Z_FLAG 1   inc
         DATA_STACK [13]
         ADDRESS_STACK [] 

  DEBUG: execute_lit: TICK: 750 PC 20  TODS1 1   TODS2 12  TOAS 17  Z_FLAG 1   lit 1
         DATA_STACK [13, 1]
         ADDRESS_STACK [] 

  DEBUG: execute_pop: TICK: 756 PC 21  TODS1 1   TODS2 13  TOAS 20  Z_FLAG 1   pop
         DATA_STACK []
         ADDRESS_STACK [] 

  DEBUG: execute_jmp: TICK: 759 PC 6   TODS1 6   TODS2 13  TOAS 20  Z_FLAG 1   jmp 6
         DATA_STACK []
         ADDRESS_STACK [] 

  DEBUG: read:IN: 105 - i

  DEBUG: write: OUT: 360 by charli << 105 - i

  DEBUG: execute_lit: TICK: 770 PC 9   TODS1 1   TODS2 105 TOAS 20  Z_FLAG 1   lit 1
         DATA_STACK [1]
         ADDRESS_STACK [] 

  DEBUG: execute_push: TICK: 776 PC 10  TODS1 13  TODS2 105 TOAS 9   Z_FLAG 1   push
         DATA_STACK [13]
         ADDRESS_STACK [] 

  DEBUG: execute_lit: TICK: 779 PC 11  TODS1 2   TODS2 105 TOAS 9   Z_FLAG 1   lit 2
         DATA_STACK [13, 2]
         ADDRESS_STACK [] 

  DEBUG: execute_push: TICK: 785 PC 12  TODS1 17  TODS2 105 TOAS 11  Z_FLAG 1   push
         DATA_STACK [13, 17]
         ADDRESS_STACK [] 

  DEBUG: execute_cmp: TICK: 790 PC 13  TODS1 17  TODS2 13  TOAS 11  Z_FLAG 1   cmp
         DATA_STACK [13, 17]
         ADDRESS_STACK [] 

  DEBUG: execute_drop: TICK: 792 PC 14  TODS1 17  TODS2 13  TOAS 11  Z_FLAG 1   drop
         DATA_STACK [13]
         ADDRESS_STACK [] 

  DEBUG: execute_drop: TICK: 794 PC 15  TODS1 13  TODS2 13  TOAS 11  Z_FLAG 1   drop
         DATA_STACK []
         ADDRESS_STACK [] 

  DEBUG: execute_jz: TICK: 796 PC 16  TODS1 13  TODS2 13  TOAS 11  Z_FLAG 1   jz 22
         DATA_STACK []
         ADDRESS_STACK [] 

  DEBUG: execute_lit: TICK: 799 PC 17  TODS1 1   TODS2 13  TOAS 11  Z_FLAG 1   lit 1
         DATA_STACK [1]
         ADDRESS_STACK [] 

  DEBUG: execute_push: TICK: 805 PC 18  TODS1 13  TODS2 13  TOAS 17  Z_FLAG 1   push
         DATA_STACK [13]
         ADDRESS_STACK [] 

  DEBUG: execute_unary_alu_operation: TICK: 809 PC 19  TODS1 14  TODS2 13  TOAS 17  Z_FLAG 1   inc
         DATA_STACK [14]
         ADDRESS_STACK [] 

  DEBUG: execute_lit: TICK: 812 PC 20  TODS1 1   TODS2 13  TOAS 17  Z_FLAG 1   lit 1
         DATA_STACK [14, 1]
         ADDRESS_STACK [] 

  DEBUG: execute_pop: TICK: 818 PC 21  TODS1 1   TODS2 14  TOAS 20  Z_FLAG 1   pop
         DATA_STACK []
         ADDRESS_STACK [] 

  DEBUG: execute_jmp: TICK: 821 PC 6   TODS1 6   TODS2 14  TOAS 20  Z_FLAG 1   jmp 6
         DATA_STACK []
         ADDRESS_STACK [] 

  DEBUG: read:IN: 32 -  

  DEBUG: write: OUT: 360 by charli  << 32 -  

  DEBUG: execute_lit: TICK: 832 PC 9   TODS1 1   TODS2 32  TOAS 20  Z_FLAG 1   lit 1
         DATA_STACK [1]
         ADDRESS_STACK [] 

  DEBUG: execute_push: TICK: 838 PC 10  TODS1 14  TODS2 32  TOAS 9   Z_FLAG 1   push
         DATA_STACK [14]
         ADDRESS_STACK [] 

  DEBUG: execute_lit: TICK: 841 PC 11  TODS1 2   TODS2 32  TOAS 9   Z_FLAG 1   lit 2
         DATA_STACK [14, 2]
         ADDRESS_STACK [] 

  DEBUG: execute_push: TICK: 847 PC 12  TODS1 17  TODS2 32  TOAS 11  Z_FLAG 1   push
         DATA_STACK [14, 17]
         ADDRESS_STACK [] 

  DEBUG: execute_cmp: TICK: 852 PC 13  TODS1 17  TODS2 14  TOAS 11  Z_FLAG 1   cmp
         DATA_STACK [14, 17]
         ADDRESS_STACK [] 

  DEBUG: execute_drop: TICK: 854 PC 14  TODS1 17  TODS2 14  TOAS 11  Z_FLAG 1   drop
         DATA_STACK [14]
         ADDRESS_STACK [] 

  DEBUG: execute_drop: TICK: 856 PC 15  TODS1 14  TODS2 14  TOAS 11  Z_FLAG 1   drop
         DATA_STACK []
         ADDRESS_STACK [] 

  DEBUG: execute_jz: TICK: 858 PC 16  TODS1 14  TODS2 14  TOAS 11  Z_FLAG 1   jz 22
         DATA_STACK []
         ADDRESS_STACK [] 

  DEBUG: execute_lit: TICK: 861 PC 17  TODS1 1   TODS2 14  TOAS 11  Z_FLAG 1   lit 1
         DATA_STACK [1]
         ADDRESS_STACK [] 

  DEBUG: execute_push: TICK: 867 PC 18  TODS1 14  TODS2 14  TOAS 17  Z_FLAG 1   push
         DATA_STACK [14]
         ADDRESS_STACK [] 

  DEBUG: execute_unary_alu_operation: TICK: 871 PC 19  TODS1 15  TODS2 14  TOAS 17  Z_FLAG 1   inc
         DATA_STACK [15]
         ADDRESS_STACK [] 

  DEBUG: execute_lit: TICK: 874 PC 20  TODS1 1   TODS2 14  TOAS 17  Z_FLAG 1   lit 1
         DATA_STACK [15, 1]
         ADDRESS_STACK [] 

  DEBUG: execute_pop: TICK: 880 PC 21  TODS1 1   TODS2 15  TOAS 20  Z_FLAG 1   pop
         DATA_STACK []
         ADDRESS_STACK [] 

  DEBUG: execute_jmp: TICK: 883 PC 6   TODS1 6   TODS2 15  TOAS 20  Z_FLAG 1   jmp 6
         DATA_STACK []
         ADDRESS_STACK [] 

  DEBUG: read:IN: 120 - x

  DEBUG: write: OUT: 360 by charli x << 120 - x

  DEBUG: execute_lit: TICK: 894 PC 9   TODS1 1   TODS2 120 TOAS 20  Z_FLAG 1   lit 1
         DATA_STACK [1]
         ADDRESS_STACK [] 

  DEBUG: execute_push: TICK: 900 PC 10  TODS1 15  TODS2 120 TOAS 9   Z_FLAG 1   push
         DATA_STACK [15]
         ADDRESS_STACK [] 

  DEBUG: execute_lit: TICK: 903 PC 11  TODS1 2   TODS2 120 TOAS 9   Z_FLAG 1   lit 2
         DATA_STACK [15, 2]
         ADDRESS_STACK [] 

  DEBUG: execute_push: TICK: 909 PC 12  TODS1 17  TODS2 120 TOAS 11  Z_FLAG 1   push
         DATA_STACK [15, 17]
         ADDRESS_STACK [] 

  DEBUG: execute_cmp: TICK: 914 PC 13  TODS1 17  TODS2 15  TOAS 11  Z_FLAG 1   cmp
         DATA_STACK [15, 17]
         ADDRESS_STACK [] 

  DEBUG: execute_drop: TICK: 916 PC 14  TODS1 17  TODS2 15  TOAS 11  Z_FLAG 1   drop
         DATA_STACK [15]
         ADDRESS_STACK [] 

  DEBUG: execute_drop: TICK: 918 PC 15  TODS1 15  TODS2 15  TOAS 11  Z_FLAG 1   drop
         DATA_STACK []
         ADDRESS_STACK [] 

  DEBUG: execute_jz: TICK: 920 PC 16  TODS1 15  TODS2 15  TOAS 11  Z_FLAG 1   jz 22
         DATA_STACK []
         ADDRESS_STACK [] 

  DEBUG: execute_lit: TICK: 923 PC 17  TODS1 1   TODS2 15  TOAS 11  Z_FLAG 1   lit 1
         DATA_STACK [1]
         ADDRESS_STACK [] 

  DEBUG: execute_push: TICK: 929 PC 18  TODS1 15  TODS2 15  TOAS 17  Z_FLAG 1   push
         DATA_STACK [15]
         ADDRESS_STACK [] 

  DEBUG: execute_unary_alu_operation: TICK: 933 PC 19  TODS1 16  TODS2 15  TOAS 17  Z_FLAG 1   inc
         DATA_STACK [16]
         ADDRESS_STACK [] 

  DEBUG: execute_lit: TICK: 936 PC 20  TODS1 1   TODS2 15  TOAS 17  Z_FLAG 1   lit 1
         DATA_STACK [16, 1]
         ADDRESS_STACK [] 

  DEBUG: execute_pop: TICK: 942 PC 21  TODS1 1   TODS2 16  TOAS 20  Z_FLAG 1   pop
         DATA_STACK []
         ADDRESS_STACK [] 

  DEBUG: execute_jmp: TICK: 945 PC 6   TODS1 6   TODS2 16  TOAS 20  Z_FLAG 1   jmp 6
         DATA_STACK []
         ADDRESS_STACK [] 

  DEBUG: read:IN: 99 - c

  DEBUG: write: OUT: 360 by charli xc << 99 - c

  DEBUG: execute_lit: TICK: 956 PC 9   TODS1 1   TODS2 99  TOAS 20  Z_FLAG 1   lit 1
         DATA_STACK [1]
         ADDRESS_STACK [] 

  DEBUG: execute_push: TICK: 962 PC 10  TODS1 16  TODS2 99  TOAS 9   Z_FLAG 1   push
         DATA_STACK [16]
         ADDRESS_STACK [] 

  DEBUG: execute_lit: TICK: 965 PC 11  TODS1 2   TODS2 99  TOAS 9   Z_FLAG 1   lit 2
         DATA_STACK [16, 2]
         ADDRESS_STACK [] 

  DEBUG: execute_push: TICK: 971 PC 12  TODS1 17  TODS2 99  TOAS 11  Z_FLAG 1   push
         DATA_STACK [16, 17]
         ADDRESS_STACK [] 

  DEBUG: execute_cmp: TICK: 976 PC 13  TODS1 17  TODS2 16  TOAS 11  Z_FLAG 1   cmp
         DATA_STACK [16, 17]
         ADDRESS_STACK [] 

  DEBUG: execute_drop: TICK: 978 PC 14  TODS1 17  TODS2 16  TOAS 11  Z_FLAG 1   drop
         DATA_STACK [16]
         ADDRESS_STACK [] 

  DEBUG: execute_drop: TICK: 980 PC 15  TODS1 16  TODS2 16  TOAS 11  Z_FLAG 1   drop
         DATA_STACK []
         ADDRESS_STACK [] 

  DEBUG: execute_jz: TICK: 982 PC 16  TODS1 16  TODS2 16  TOAS 11  Z_FLAG 1   jz 22
         DATA_STACK []
         ADDRESS_STACK [] 

  DEBUG: execute_lit: TICK: 985 PC 17  TODS1 1   TODS2 16  TOAS 11  Z_FLAG 1   lit 1
         DATA_STACK [1]
         ADDRESS_STACK [] 

  DEBUG: execute_push: TICK: 991 PC 18  TODS1 16  TODS2 16  TOAS 17  Z_FLAG 1   push
         DATA_STACK [16]
         ADDRESS_STACK [] 

  DEBUG: execute_unary_alu_operation: TICK: 995 PC 19  TODS1 17  TODS2 16  TOAS 17  Z_FLAG 1   inc
         DATA_STACK [17]
         ADDRESS_STACK [] 

  DEBUG: execute_lit: TICK: 998 PC 20  TODS1 1   TODS2 16  TOAS 17  Z_FLAG 1   lit 1
         DATA_STACK [17, 1]
         ADDRESS_STACK [] 

  DEBUG: execute_pop: TICK: 1004 PC 21  TODS1 1   TODS2 17  TOAS 20  Z_FLAG 1   pop
         DATA_STACK []
         ADDRESS_STACK [] 

  DEBUG: execute_jmp: TICK: 1007 PC 6   TODS1 6   TODS2 17  TOAS 20  Z_FLAG 1   jmp 6
         DATA_STACK []
         ADDRESS_STACK [] 

  DEBUG: read:IN: 120 - x

  DEBUG: write: OUT: 360 by charli xcx << 120 - x

  DEBUG: execute_lit: TICK: 1018 PC 9   TODS1 1   TODS2 120 TOAS 20  Z_FLAG 1   lit 1
         DATA_STACK [1]
         ADDRESS_STACK [] 

  DEBUG: execute_push: TICK: 1024 PC 10  TODS1 17  TODS2 120 TOAS 9   Z_FLAG 1   push
         DATA_STACK [17]
         ADDRESS_STACK [] 

  DEBUG: execute_lit: TICK: 1027 PC 11  TODS1 2   TODS2 120 TOAS 9   Z_FLAG 1   lit 2
         DATA_STACK [17, 2]
         ADDRESS_STACK [] 

  DEBUG: execute_push: TICK: 1033 PC 12  TODS1 17  TODS2 120 TOAS 11  Z_FLAG 1   push
         DATA_STACK [17, 17]
         ADDRESS_STACK [] 

  DEBUG: execute_cmp: TICK: 1038 PC 13  TODS1 17  TODS2 17  TOAS 11  Z_FLAG 0   cmp
         DATA_STACK [17, 17]
         ADDRESS_STACK [] 

  DEBUG: execute_drop: TICK: 1040 PC 14  TODS1 17  TODS2 17  TOAS 11  Z_FLAG 0   drop
         DATA_STACK [17]
         ADDRESS_STACK [] 

  DEBUG: execute_drop: TICK: 1042 PC 15  TODS1 17  TODS2 17  TOAS 11  Z_FLAG 0   drop
         DATA_STACK []
         ADDRESS_STACK [] 

  DEBUG: execute_jz: TICK: 1045 PC 22  TODS1 22  TODS2 17  TOAS 11  Z_FLAG 0   jz 22
         DATA_STACK []
         ADDRESS_STACK [] 

  DEBUG: execute_halt: TICK: 1046 PC 22  TODS1 22  TODS2 17  TOAS 11  Z_FLAG 0   halt
         DATA_STACK []
         ADDRESS_STACK []
